* using log directory 'C:/Users/diogo/work_code/wind-clean-hybrid/windCleanHybrid.Rcheck'
* using R version 4.5.1 (2025-06-13 ucrt)
* using platform: x86_64-w64-mingw32
* R was compiled by
    gcc.exe (GCC) 14.2.0
    GNU Fortran (GCC) 14.2.0
* running under: Windows 11 x64 (build 26200)
* using session charset: UTF-8
* using option '--no-manual'
* checking for file 'windCleanHybrid/DESCRIPTION' ... OK
* checking extension type ... Package
* this is package 'windCleanHybrid' version '0.2.0'
* package encoding: UTF-8
* checking package namespace information ... OK
* checking package dependencies ... ERROR
Package required but not available: 'keras'

See section 'The DESCRIPTION file' in the 'Writing R Extensions'
manual.
* DONE
Status: 1 ERROR
